// Vitest Snapshot v1, https://vitest.dev/guide/snapshot.html

exports[`TransactionProcessSessionWebhookHandler > 'Checkout' > 'should work authorization' > should work authorization 1`] = `
{
  "paymentIntent": {
    "client_secret": Any<String>,
  },
  "publishableKey": "pk_test_51LVZwxEosEcNBN5mTKD5afBfOzEF1S1T9tMGyfG4sw6vC6adm8VaKph9EGee1Dk1rlSWz9LgOj4nNNLb2CxJS3HT00x3Dx44oB",
}
`;

exports[`TransactionProcessSessionWebhookHandler > 'Checkout' > 'should work charge' > should work charge 1`] = `
{
  "paymentIntent": {
    "client_secret": Any<String>,
  },
  "publishableKey": "pk_test_51LVZwxEosEcNBN5mTKD5afBfOzEF1S1T9tMGyfG4sw6vC6adm8VaKph9EGee1Dk1rlSWz9LgOj4nNNLb2CxJS3HT00x3Dx44oB",
}
`;

exports[`TransactionProcessSessionWebhookHandler > 'Order' > 'should work authorization' > should work authorization 1`] = `
{
  "paymentIntent": {
    "client_secret": Any<String>,
  },
  "publishableKey": "pk_test_51LVZwxEosEcNBN5mTKD5afBfOzEF1S1T9tMGyfG4sw6vC6adm8VaKph9EGee1Dk1rlSWz9LgOj4nNNLb2CxJS3HT00x3Dx44oB",
}
`;

exports[`TransactionProcessSessionWebhookHandler > 'Order' > 'should work charge' > should work charge 1`] = `
{
  "paymentIntent": {
    "client_secret": Any<String>,
  },
  "publishableKey": "pk_test_51LVZwxEosEcNBN5mTKD5afBfOzEF1S1T9tMGyfG4sw6vC6adm8VaKph9EGee1Dk1rlSWz9LgOj4nNNLb2CxJS3HT00x3Dx44oB",
}
`;
